TAP version 13
ok 1 - Ezzatron\LCS\LCSSolverTest::testLongestCommonSubsequence with data set "All elements equal" (array('A', 'B', 'C'), array('A', 'B', 'C'), array('A', 'B', 'C'))
ok 2 - Ezzatron\LCS\LCSSolverTest::testLongestCommonSubsequence with data set "Second sequence is a subsequence of first" (array('B', 'C', 'D', 'E'), array('A', 'B', 'C', 'D', 'E', 'F'), array('B', 'C', 'D', 'E'))
ok 3 - Ezzatron\LCS\LCSSolverTest::testLongestCommonSubsequence with data set "Basic common subsequence" (array('A', 'D'), array('A', 'B', 'D', 'E'), array('A', 'C', 'D', 'F'))
ok 4 - Ezzatron\LCS\LCSSolverTest::testLongestCommonSubsequence with data set "Common subsequence of larger data set" (array('A', 'B', 'C', 'D', 'E', 'F'), array('A', 'B', 'C', 'D', 'E', 'F'), array('J', 'A', 'D', 'F', 'A', 'F', 'K', 'D', 'F', 'B', 'C', 'D', 'E', 'H', 'J', 'D', 'F', 'G'))
ok 5 - Ezzatron\LCS\LCSSolverTest::testLongestCommonSubsequence with data set #0 (array('A'), array('A', 'B', 'C', 'D', 'E', 'F'), array('A'))
ok 6 - Ezzatron\LCS\LCSSolverTest::testLongestCommonSubsequence with data set "Single element subsequence" (array('D'), array('A', 'B', 'C', 'D', 'E', 'F'), array('D'))
ok 7 - Ezzatron\LCS\LCSSolverTest::testLongestCommonSubsequence with data set "Single element subsequence at end of other sequence" (array('F'), array('A', 'B', 'C', 'D', 'E', 'F'), array('F'))
ok 8 - Ezzatron\LCS\LCSSolverTest::testLongestCommonSubsequence with data set "Elements after end of first sequence" (array('J', 'F', 'A', 'K', 'D', 'C', 'E', 'J', 'D', 'F'), array('J', 'A', 'F', 'A', 'F', 'K', 'D', 'B', 'C', 'E', 'H', 'J', 'D', 'F'), array('J', 'D', 'F', 'A', 'K', 'D', 'F', 'C', 'D', 'E', 'J', 'D', 'F', 'G'))
ok 9 - Ezzatron\LCS\LCSSolverTest::testLongestCommonSubsequence with data set "No common elements" (array(), array('A', 'B', 'C'), array('D', 'E', 'F'))
ok 10 - Ezzatron\LCS\LCSSolverTest::testLongestCommonSubsequence with data set "README example" (array('A', 'A', 'N', 'A'), array('B', 'A', 'N', 'A', 'N', 'A'), array('A', 'T', 'A', 'N', 'A'))
ok 11 - Ezzatron\LCS\LCSSolverTest::testLongestCommonSubsequence with data set "Three-way subsequence" (array('D', 'G'), array('A', 'B', 'D', 'E', 'G', 'H'), array('A', 'D', 'G', 'J'), array('B', 'C', 'D', 'E', 'F', 'G'))
1..11
